---
source: src/main.rs
expression: result
input_file: src/fixtures/2024-12.html
---
MonthResult {
    year: 2024,
    month: 12,
    events: [
        Timed {
            day: 8,
            from: 9,
            to: 17,
            text: "鳴尾浜 柔道場 本稽古",
        },
        Timed {
            day: 22,
            from: 13,
            to: 17,
            text: "鳴尾浜 柔道場/自主稽古",
        },
    ],
    errors: [],
}
