---
source: src/main.rs
expression: result
input_file: src/fixtures/2025-01.html
---
MonthResult {
    year: 2025,
    month: 1,
    events: [
        Timed {
            day: 5,
            from: Time {
                hours: 13,
                minutes: 0,
            },
            to: Time {
                hours: 17,
                minutes: 0,
            },
            text: "鳴尾浜 柔道場/自主稽古",
        },
        Timed {
            day: 12,
            from: Time {
                hours: 13,
                minutes: 0,
            },
            to: Time {
                hours: 17,
                minutes: 0,
            },
            text: "鳴尾浜 柔道場/自主稽古",
        },
        Timed {
            day: 19,
            from: Time {
                hours: 9,
                minutes: 0,
            },
            to: Time {
                hours: 17,
                minutes: 0,
            },
            text: "鳴尾浜 柔道場 本稽古",
        },
    ],
    errors: [],
}
