---
source: src/main.rs
expression: result
input_file: src/fixtures/2025-04.html
---
MonthResult {
    year: 2025,
    month: 4,
    events: [
        Timed {
            day: 6,
            from: 13,
            to: 17,
            text: "鳴尾浜 柔道場/自主稽古",
        },
        Timed {
            day: 13,
            from: 9,
            to: 17,
            text: "鳴尾浜 柔道場 本稽古",
        },
        Timed {
            day: 20,
            from: 13,
            to: 17,
            text: "鳴尾浜 柔道場/自主稽古",
        },
        Timed {
            day: 27,
            from: 13,
            to: 17,
            text: "鳴尾浜 柔道場/自主稽古",
        },
    ],
    errors: [],
}
