---
source: src/main.rs
expression: result
input_file: src/fixtures/2024-06.html
---
MonthResult {
    year: 2024,
    month: 6,
    events: [
        Timed {
            day: 2,
            from: Time {
                hours: 13,
                minutes: 0,
            },
            to: Time {
                hours: 17,
                minutes: 0,
            },
            text: "鳴尾浜 柔道場/自主稽古",
        },
        Timed {
            day: 3,
            from: Time {
                hours: 12,
                minutes: 30,
            },
            to: Time {
                hours: 15,
                minutes: 30,
            },
            text: "練馬総合体育館柔道場",
        },
        Timed {
            day: 8,
            from: Time {
                hours: 13,
                minutes: 0,
            },
            to: Time {
                hours: 17,
                minutes: 0,
            },
            text: "関西講習会（鳴尾浜柔道場 4時終了)",
        },
        Timed {
            day: 9,
            from: Time {
                hours: 9,
                minutes: 0,
            },
            to: Time {
                hours: 17,
                minutes: 0,
            },
            text: "鳴尾浜 柔道場 本稽古",
        },
        Timed {
            day: 10,
            from: Time {
                hours: 13,
                minutes: 0,
            },
            to: Time {
                hours: 17,
                minutes: 0,
            },
            text: "戸田SC(2F)",
        },
        Timed {
            day: 13,
            from: Time {
                hours: 17,
                minutes: 0,
            },
            to: Time {
                hours: 19,
                minutes: 0,
            },
            text: "大宮武道館(2F)",
        },
        Timed {
            day: 16,
            from: Time {
                hours: 13,
                minutes: 0,
            },
            to: Time {
                hours: 17,
                minutes: 0,
            },
            text: "鳴尾浜 柔道場/自主稽古",
        },
        Timed {
            day: 17,
            from: Time {
                hours: 13,
                minutes: 0,
            },
            to: Time {
                hours: 17,
                minutes: 0,
            },
            text: "上板橋",
        },
        Timed {
            day: 23,
            from: Time {
                hours: 15,
                minutes: 0,
            },
            to: Time {
                hours: 17,
                minutes: 0,
            },
            text: "大宮武道館(2F)",
        },
        Timed {
            day: 23,
            from: Time {
                hours: 13,
                minutes: 0,
            },
            to: Time {
                hours: 17,
                minutes: 0,
            },
            text: "鳴尾浜 柔道場/自主稽古",
        },
        Timed {
            day: 24,
            from: Time {
                hours: 13,
                minutes: 0,
            },
            to: Time {
                hours: 17,
                minutes: 0,
            },
            text: "上板橋",
        },
        Timed {
            day: 30,
            from: Time {
                hours: 15,
                minutes: 0,
            },
            to: Time {
                hours: 17,
                minutes: 0,
            },
            text: "大宮武道館(2F)",
        },
        Timed {
            day: 30,
            from: Time {
                hours: 13,
                minutes: 0,
            },
            to: Time {
                hours: 17,
                minutes: 0,
            },
            text: "鳴尾浜 柔道場/自主稽古",
        },
    ],
    errors: [],
}
