---
source: src/main.rs
expression: result
input_file: src/fixtures/2024-10.html
---
MonthResult {
    year: 2024,
    month: 10,
    events: [
        Timed {
            day: 6,
            from: Time {
                hours: 9,
                minutes: 0,
            },
            to: Time {
                hours: 17,
                minutes: 0,
            },
            text: "鳴尾浜 柔道場 本稽古",
        },
        Timed {
            day: 20,
            from: Time {
                hours: 13,
                minutes: 0,
            },
            to: Time {
                hours: 17,
                minutes: 0,
            },
            text: "鳴尾浜 柔道場/自主稽古",
        },
    ],
    errors: [],
}
