---
source: src/main.rs
expression: result
input_file: src/fixtures/2024-09.html
---
MonthResult {
    year: 2024,
    month: 9,
    events: [
        Timed {
            day: 1,
            from: Time {
                hours: 13,
                minutes: 0,
            },
            to: Time {
                hours: 17,
                minutes: 0,
            },
            text: "鳴尾浜 柔道場/自主稽古",
        },
        Timed {
            day: 8,
            from: Time {
                hours: 9,
                minutes: 0,
            },
            to: Time {
                hours: 17,
                minutes: 0,
            },
            text: "鳴尾浜 柔道場 本稽古",
        },
        FullDay {
            day: 8,
            text: "（仮）",
        },
        FullDay {
            day: 13,
            text: "丹波合宿",
        },
        FullDay {
            day: 14,
            text: "丹波合宿",
        },
        FullDay {
            day: 15,
            text: "丹波合宿",
        },
        Timed {
            day: 15,
            from: Time {
                hours: 13,
                minutes: 0,
            },
            to: Time {
                hours: 17,
                minutes: 0,
            },
            text: "鳴尾浜 柔道場/自主稽古（仮）",
        },
        FullDay {
            day: 16,
            text: "丹波合宿",
        },
        Timed {
            day: 22,
            from: Time {
                hours: 13,
                minutes: 0,
            },
            to: Time {
                hours: 17,
                minutes: 0,
            },
            text: "鳴尾浜 柔道場/自主稽古",
        },
        Timed {
            day: 29,
            from: Time {
                hours: 13,
                minutes: 0,
            },
            to: Time {
                hours: 17,
                minutes: 0,
            },
            text: "鳴尾浜 柔道場/自主稽古",
        },
    ],
    errors: [],
}
